[13C[0;1;34mÜÜÜÜÜÜ
[11CÜÜÜÜÜÜÜÜÜ
ออออออ   ÜÜÜÜÜ[6CÜÜÜÜÜÜ[37Cออออออออออออออออออออออ   ÜÜÜÜ[8CÜÜÜÜÜ    [37mCOMMODORE BUSINESS MACHINES INC   [34mอออออออออออออออออออออ   ÜÜÜÜ[9CÜÜÜÜ[5C[0mMODEL PC10-II PERSONAL COMPUTER   [1;34mอออออออออออออออออ[31mออออ   [34mÜÜÜÜ[9C[31mÜÜÜÜ
[A[24C[5C[0m640kB RAM / 8086 CPU / 8087 FPU   [1;31mออออออออออออออออออออออ   [34mÜÜÜÜ[8C[31mÜÜÜÜÜ    [37m32MB HARD DISK / REALTIME CLOCK   [31mอออออออออออออออออออออออ   [34mÜÜÜÜÜ[6C[31mÜÜÜÜÜÜ[37Cอออออออออออออออออ[11C[34mÜÜÜÜÜÜÜÜÜ
[13CÜÜÜÜÜÜ
[0m
