[6C[0;1;31mÜÜÜÜÜÜÜÜ[11C[34mÜÜÜÜÜÜÜ
ออออ  [31mÜÜÜÜÜÜÜÜÜÜ[7C[34mÜÜÜÜÜÜÜÜÜ[9Cอออออออออออออออออออออออออออออออออออออออออออ  [31mÜÜÜÜ    ÜÜÜ    [34mÜÜÜÜÜ[6CÜÜÜÜÜÜ[37Cอออออออออ  [31mÜÜÜÜ[5CÜÜÜ  [34mÜÜÜÜ[8CÜÜÜÜÜ    [37mCOMMODORE BUSINESS MACHINES INC   [34mอออออออออ  [31mÜÜÜÜ    
[A[14CÜÜÜ  [34mÜÜÜÜ[9CÜÜÜÜ[5C[0mMODEL PC10-II PERSONAL COMPUTER   [1;34mอออออ[31mออออ  ÜÜÜÜÜÜÜÜÜÜ   [34mÜÜÜÜ[9C[31mÜÜÜÜ[5C[0m640kB RAM / 8086 CPU / 8087 FPU   [1;31mอออออออออ  ÜÜÜÜÜÜÜÜ[6C[34mÜÜÜÜ[8C[31mÜÜÜÜÜ    [37m32MB HARD DISK / R
[A[59CEALTIME CLOCK   [31mอออออออออ  ÜÜÜÜ[11C[34mÜÜÜÜÜ[6C[31mÜÜÜÜÜÜ[37Cอออออออออ  ÜÜÜÜ[13C[34mÜÜÜÜÜÜÜÜÜ[9C[31mอออออออออออออออออออออออออออออออออออออออ[6CÜÜÜÜ[15C[34mÜÜÜÜÜÜÜ
[0m
